{"000100": {"expected": 1.0952380952380953, "dice_rolls": [{"55": 1}, {"52": 1}, {"53": 1}, {"61": 1}, {"66": 1}, {"42": 1}, {"65": 1}, {"11": 2.0}, {"21": 2.0}, {"44": 1}, {"64": 1}, {"22": 1}, {"43": 1}, {"51": 1}, {"54": 1}, {"41": 1}, {"62": 1}, {"31": 1}, {"33": 1}, {"63": 1}, {"32": 1}]}, "000110": {"dice_rolls": []}, "000020": {"expected": 2.180895710760628, "dice_rolls": [{"55": 1}, {"52": 2.0476190476190474}, {"53": 2.0}, {"61": 2.0952380952380953}, {"66": 1}, {"42": 2.217391304347826}, {"65": 1}, {"11": 2.9332338259608535}, {"21": 2.7702236722369515}, {"44": 2.0}, {"64": 2.0}, {"22": 2.5818558253340864}, {"43": 2.090909090909091}, {"51": 2.0952380952380953}, {"54": 2.0}, {"41": 2.1927437641723353}, {"62": 2.0476190476190474}, {"31": 2.5818558253340864}, {"33": 2.3181818181818183}, {"63": 2.0}, {"32": 2.1927437641723353}]}, "200000": {"expected": 1.0, "dice_rolls": [{"55": 1}, {"52": 1}, {"53": 1}, {"61": 1}, {"66": 1}, {"42": 1}, {"65": 1}, {"11": 1}, {"21": 1}, {"44": 1}, {"64": 1}, {"22": 1}, {"43": 1}, {"51": 1}, {"54": 1}, {"41": 1}, {"62": 1}, {"31": 1}, {"33": 1}, {"63": 1}, {"32": 1}]}, "000000": {"expected": 0}, "001010": {"expected": 1.9332338259608535, "dice_rolls": [{"55": 1}, {"52": 2.0}, {"53": 1}, {"61": 2.0}, {"66": 1}, {"42": 2.0}, {"65": 1}, {"11": 2.5818558253340864}, {"21": 2.1927437641723353}, {"44": 2.0}, {"64": 1}, {"22": 2.217391304347826}, {"43": 2.0}, {"51": 2.0}, {"54": 1}, {"41": 2.0476190476190474}, {"62": 2.0}, {"31": 2.0952380952380953}, {"33": 2.0}, {"63": 1}, {"32": 2.0476190476190474}]}, "010000": {"expected": 1.0, "dice_rolls": [{"55": 1}, {"52": 1}, {"53": 1}, {"61": 1}, {"66": 1}, {"42": 1}, {"65": 1}, {"11": 1}, {"21": 1}, {"44": 1}, {"64": 1}, {"22": 1}, {"43": 1}, {"51": 1}, {"54": 1}, {"41": 1}, {"62": 1}, {"31": 1}, {"33": 1}, {"63": 1}, {"32": 1}]}, "110000": {"expected": 1.0909090909090908, "dice_rolls": [{"55": 1}, {"52": 1}, {"53": 1}, {"61": 1}, {"66": 1}, {"42": 1}, {"65": 1}, {"11": 2.0}, {"21": 1}, {"44": 1}, {"64": 1}, {"22": 1}, {"43": 1}, {"51": 1}, {"54": 1}, {"41": 1}, {"62": 1}, {"31": 1}, {"33": 1}, {"63": 1}, {"32": 1}]}, "002000": {"expected": 1.594526141785121, "dice_rolls": [{"55": 1}, {"52": 2.0}, {"53": 1}, {"61": 2.0}, {"66": 1}, {"42": 2.0}, {"65": 1}, {"11": 2.217391304347826}, {"21": 2.0476190476190474}, {"44": 1}, {"64": 1}, {"22": 2.0}, {"43": 1}, {"51": 2.0}, {"54": 1}, {"41": 2.0}, {"62": 2.0}, {"31": 2.0}, {"33": 1}, {"63": 1}, {"32": 2.0}]}, "000200": {"expected": 1.8799824770902276, "dice_rolls": [{"55": 1}, {"52": 2.0}, {"53": 2.0}, {"61": 2.0476190476190474}, {"66": 1}, {"42": 2.0}, {"65": 1}, {"11": 2.592101135579396}, {"21": 2.382756132756133}, {"44": 1}, {"64": 1}, {"22": 2.0952380952380953}, {"43": 2.0}, {"51": 2.0476190476190474}, {"54": 1}, {"41": 2.0476190476190474}, {"62": 2.0}, {"31": 2.0952380952380953}, {"33": 2.0}, {"63": 2.0}, {"32": 2.090909090909091}]}, "001100": {"expected": 1.7996021565994393, "dice_rolls": [{"55": 1}, {"52": 2.0}, {"53": 1}, {"61": 2.0}, {"66": 1}, {"42": 2.0}, {"65": 1}, {"11": 2.382756132756133}, {"21": 2.0952380952380953}, {"44": 1}, {"64": 1}, {"22": 2.090909090909091}, {"43": 1}, {"51": 2.0}, {"54": 1}, {"41": 2.0}, {"62": 2.0}, {"31": 2.0476190476190474}, {"33": 2.0}, {"63": 1}, {"32": 2.0}]}, "000010": {"expected": 1.1927437641723355, "dice_rolls": [{"55": 1}, {"52": 1}, {"53": 1}, {"61": 1}, {"66": 1}, {"42": 1}, {"65": 1}, {"11": 2.0476190476190474}, {"21": 2.0}, {"44": 1}, {"64": 1}, {"22": 2.0}, {"43": 1}, {"51": 1}, {"54": 1}, {"41": 1}, {"62": 1}, {"31": 2.0}, {"33": 1}, {"63": 1}, {"32": 1}]}, "000006": {"dice_rolls": []}, "011000": {"expected": 1.4703629703629701, "dice_rolls": [{"55": 1}, {"52": 1}, {"53": 1}, {"61": 2.0}, {"66": 1}, {"42": 1}, {"65": 1}, {"11": 2.0476190476190474}, {"21": 2.0}, {"44": 1}, {"64": 1}, {"22": 2.0}, {"43": 1}, {"51": 2.0}, {"54": 1}, {"41": 2.0}, {"62": 1}, {"31": 2.0}, {"33": 1}, {"63": 1}, {"32": 1}]}, "100000": {"expected": 1.0, "dice_rolls": [{"55": 1}, {"52": 1}, {"53": 1}, {"61": 1}, {"66": 1}, {"42": 1}, {"65": 1}, {"11": 1}, {"21": 1}, {"44": 1}, {"64": 1}, {"22": 1}, {"43": 1}, {"51": 1}, {"54": 1}, {"41": 1}, {"62": 1}, {"31": 1}, {"33": 1}, {"63": 1}, {"32": 1}]}, "010010": {"expected": 1.7702236722369515, "dice_rolls": [{"55": 1}, {"52": 1}, {"53": 1}, {"61": 2.0}, {"66": 1}, {"42": 2.0}, {"65": 1}, {"11": 2.1927437641723353}, {"21": 2.0952380952380953}, {"44": 2.0}, {"64": 1}, {"22": 2.0476190476190474}, {"43": 2.0}, {"51": 2.0}, {"54": 1}, {"41": 2.0}, {"62": 1}, {"31": 2.090909090909091}, {"33": 2.0}, {"63": 1}, {"32": 2.0}]}, "020000": {"expected": 1.3181818181818181, "dice_rolls": [{"55": 1}, {"52": 1}, {"53": 1}, {"61": 2.0}, {"66": 1}, {"42": 1}, {"65": 1}, {"11": 2.0}, {"21": 2.0}, {"44": 1}, {"64": 1}, {"22": 1}, {"43": 1}, {"51": 2.0}, {"54": 1}, {"41": 2.0}, {"62": 1}, {"31": 2.0}, {"33": 1}, {"63": 1}, {"32": 1}]}, "010100": {"expected": 1.5921011355793964, "dice_rolls": [{"55": 1}, {"52": 1}, {"53": 1}, {"61": 2.0}, {"66": 1}, {"42": 1}, {"65": 1}, {"11": 2.0952380952380953}, {"21": 2.0476190476190474}, {"44": 1}, {"64": 1}, {"22": 2.0}, {"43": 1}, {"51": 2.0}, {"54": 1}, {"41": 2.0}, {"62": 1}, {"31": 2.0}, {"33": 2.0}, {"63": 1}, {"32": 2.0}]}, "000040": {"dice_rolls": []}, "001000": {"expected": 1.0476190476190477, "dice_rolls": [{"55": 1}, {"52": 1}, {"53": 1}, {"61": 1}, {"66": 1}, {"42": 1}, {"65": 1}, {"11": 2.0}, {"21": 1}, {"44": 1}, {"64": 1}, {"22": 1}, {"43": 1}, {"51": 1}, {"54": 1}, {"41": 1}, {"62": 1}, {"31": 1}, {"33": 1}, {"63": 1}, {"32": 1}]}, "100010": {"expected": 1.5818558253340862, "dice_rolls": [{"55": 1}, {"52": 1}, {"53": 1}, {"61": 1}, {"66": 1}, {"42": 2.0}, {"65": 1}, {"11": 2.0952380952380953}, {"21": 2.0476190476190474}, {"44": 2.0}, {"64": 1}, {"22": 2.0}, {"43": 2.0}, {"51": 1}, {"54": 1}, {"41": 2.0}, {"62": 1}, {"31": 2.0}, {"33": 2.0}, {"63": 1}, {"32": 2.0}]}, "101000": {"expected": 1.2173913043478262, "dice_rolls": [{"55": 1}, {"52": 1}, {"53": 1}, {"61": 1}, {"66": 1}, {"42": 1}, {"65": 1}, {"11": 2.0}, {"21": 2.0}, {"44": 1}, {"64": 1}, {"22": 2.0}, {"43": 1}, {"51": 1}, {"54": 1}, {"41": 1}, {"62": 1}, {"31": 1}, {"33": 1}, {"63": 1}, {"32": 1}]}, "100100": {"expected": 1.3827561327561326, "dice_rolls": [{"55": 1}, {"52": 1}, {"53": 1}, {"61": 1}, {"66": 1}, {"42": 1}, {"65": 1}, {"11": 2.0476190476190474}, {"21": 2.0}, {"44": 1}, {"64": 1}, {"22": 2.0}, {"43": 1}, {"51": 1}, {"54": 1}, {"41": 1}, {"62": 1}, {"31": 2.0}, {"33": 2.0}, {"63": 1}, {"32": 2.0}]}}